[  0] PASS               label=True  tol=True  d4=True  GetMask                exact
[  1] PASS               label=True  tol=True  d4=True  BiasLayer              exact
[  2] PASS               label=True  tol=True  d4=True  L1_log                 exact
[  3] PASS               label=True  tol=True  d4=True  Scale                  exact
[  4] PASS               label=True  tol=True  d4=True  DiscShiftLoss          exact
[  5] PASS               label=True  tol=True  d4=True  GetMask                exact
[  6] ADAPTER            label=True  tol=None  d4=None  BasicBlock             cannot bind wrapper parameter `weight1`
[  7] PASS               label=True  tol=True  d4=True  BiasLayer              exact
[  8] PASS               label=True  tol=True  d4=True  GetMask                exact
[  9] UNKNOWN            label=True  tol=None  d4=None  PinballLoss            output produced by torch after the kernels (1 elements writt
[ 10] UNKNOWN            label=True  tol=True  d4=True  L1_log                 output produced by torch after the kernels (1 elements writt
[ 11] PASS               label=True  tol=True  d4=True  IIDIsotropicGaussianUV exact
[ 12] PASS               label=True  tol=True  d4=True  RMSELoss               exact
[ 13] UNKNOWN            label=True  tol=True  d4=True  DiscShiftLoss          output produced by torch after the kernels (1 elements writt
[ 14] PASS               label=True  tol=True  d4=True  Mish                   exact
[ 15] PASS               label=True  tol=True  d4=True  SkipConnection         exact
/home/naana/miniconda/lib/python3.13/site-packages/torch/nn/_reduction.py:51: UserWarning: size_average and reduce args will be deprecated, please use reduction='mean' instead.
  warnings.warn(warning.format(ret))
[ 16] UNKNOWN            label=True  tol=None  d4=None  JointsMSELoss          output produced by torch after the kernels (1 elements writt
[ 17] PASS               label=True  tol=True  d4=True  CFReLU                 exact
[ 18] PASS               label=True  tol=True  d4=True  PoseMap                exact
[ 19] UNKNOWN            label=True  tol=True  d4=True  N3                     output produced by torch after the kernels (1 elements writt
[ 20] UNKNOWN            label=True  tol=True  d4=True  My_SmoothL1Loss        output produced by torch after the kernels (1 elements writt
[ 21] PASS               label=True  tol=True  d4=True  Upscale2d              exact
[ 22] PASS               label=True  tol=True  d4=True  AddFunction            exact
[ 23] PASS               label=True  tol=True  d4=True  Tanh                   exact
[ 24] ERROR              label=True  tol=True  d4=True  LambdaLayer            NotImplementedError: arith.xori   |%load_mask_28 = arith.xor
[ 25] PASS               label=True  tol=True  d4=True  ExpModule              exact
[ 26] PASS               label=True  tol=True  d4=True  RMSE_log               exact
[ 27] NO-MODEL           label=True  tol=None  d4=None  ?                      
[ 28] NO-MODEL           label=True  tol=None  d4=None  ?                      
[ 29] PASS               label=True  tol=True  d4=True  WeightedL1             exact
[ 30] PASS               label=True  tol=True  d4=True  ConcatenateChannels    exact
[ 31] PASS               label=True  tol=True  d4=True  GELU                   exact
[ 32] PASS               label=True  tol=True  d4=True  SVIGlobalMaxPool2D     exact
[ 33] ERROR              label=True  tol=True  d4=True  GlobalMaxPool          NotImplementedError: cf.cond_br   |cf.cond_br %0, ^bb1, ^bb2
[ 34] PASS               label=True  tol=True  d4=True  h_swish                exact
[ 35] ERROR              label=True  tol=False d4=False NormalizationLayer     NotImplementedError: cf.cond_br   |cf.cond_br %0, ^bb1, ^bb2
[ 36] PASS               label=True  tol=True  d4=True  MaskedMSELoss          exact
[ 37] PASS               label=True  tol=True  d4=True  FocalLoss              exact
[ 38] PASS               label=True  tol=True  d4=True  injective_pad          exact
[ 39] PASS               label=True  tol=True  d4=True  SigmoidRange           exact
[ 40] PASS               label=True  tol=True  d4=True  GetMask                exact
[ 41] UNKNOWN            label=True  tol=True  d4=True  PinballLoss            output produced by torch after the kernels (1 elements writt
[ 42] FAIL               label=True  tol=True  d4=True  BiasLayer              output depends on a buffer no launch wrote (tmp0); GPU also   <<< label=correct, judge=FAIL
[ 43] PASS               label=True  tol=True  d4=True  RMSELoss               exact
[ 44] PASS               label=True  tol=True  d4=True  DiscShiftLoss          exact
[ 45] PASS               label=True  tol=True  d4=True  PixelNormLayer         exact
[ 46] ERROR              label=True  tol=True  d4=True  ScaleNorm              NotImplementedError: cf.cond_br   |cf.cond_br %0, ^bb1, ^bb2
[ 47] PASS               label=True  tol=True  d4=True  Swish                  exact
[ 48] PASS               label=True  tol=True  d4=True  SkipConnection         exact
[ 49] PASS               label=True  tol=True  d4=True  CFReLU                 exact
[ 50] ERROR              label=True  tol=True  d4=True  SurfaceLoss            NotImplementedError: cf.cond_br   |cf.cond_br %0, ^bb1, ^bb2
[ 51] SPEC-UNSUPPORTED   label=True  tol=True  d4=True  KL_Divergence          norm(p!=2)
[ 52] PASS               label=True  tol=True  d4=True  Upscale2d              exact
[ 53] SPEC-UNSUPPORTED   label=True  tol=True  d4=False MaxPoolPad             max_pool2d
[ 54] PASS               label=True  tol=True  d4=True  Arc                    exact
[ 55] ERROR              label=True  tol=True  d4=True  Mean                   NotImplementedError: scf.while   |%offset = scf.while (%offs
[ 56] PASS               label=True  tol=True  d4=True  AddFunction            exact
[ 57] PASS               label=True  tol=True  d4=True  Tanh                   exact
[ 58] PASS               label=True  tol=True  d4=True  ExpModule              exact
[ 59] UNKNOWN            label=True  tol=True  d4=False RMSE_log               1 unprovable but numerically equal
[ 60] NO-MODEL           label=True  tol=None  d4=None  ?                      
[ 61] NO-MODEL           label=True  tol=None  d4=None  ?                      
[ 62] PASS               label=True  tol=True  d4=True  WeightedL1             exact
[ 63] PASS               label=True  tol=True  d4=True  ConcatenateChannels    exact
[ 64] PASS               label=True  tol=True  d4=True  SigM                   exact
[ 65] PASS               label=True  tol=True  d4=True  SVIGlobalMaxPool2D     exact
[ 66] FAIL               label=True  tol=True  d4=True  ChannelRate            output depends on a buffer no launch wrote (tmp0); GPU also   <<< label=correct, judge=FAIL
[ 67] ERROR              label=True  tol=True  d4=True  GlobalMaxPool          NotImplementedError: cf.cond_br   |cf.cond_br %0, ^bb1, ^bb2
[ 68] PASS               label=True  tol=True  d4=True  h_swish                exact
[ 69] PASS               label=True  tol=True  d4=True  MaskedMSELoss          exact
[ 70] PASS               label=True  tol=True  d4=True  FocalLoss              exact
[ 71] UNKNOWN            label=True  tol=True  d4=True  _ShiftedSoftPlus       256 unprovable but numerically equal
[ 72] UNKNOWN            label=True  tol=True  d4=True  CenteredLayer          unreproducible on hardware (GPU max diff 1.5e-08) -- our mod
[ 73] PASS               label=True  tol=True  d4=True  PLU                    exact
[ 74] ERROR              label=True  tol=True  d4=True  BiencoderLoss          RuntimeError: volta_bridge failed: 
thread 'main' (8721) pan
[ 75] PASS               label=True  tol=True  d4=True  HSwish                 exact
[ 76] PASS               label=True  tol=True  d4=True  ChannelReplicate       exact
[ 77] SPEC-UNSUPPORTED   label=True  tol=True  d4=True  MultiLevelPooling      max_pool2d
[ 78] SPEC-UNSUPPORTED   label=True  tol=True  d4=True  ParsingRelationLoss    smooth_l1_loss (piecewise)
[ 79] UNKNOWN            label=True  tol=True  d4=True  PointLoss              output produced by torch after the kernels (64 elements writ
[ 80] SPEC-ERROR         label=True  tol=True  d4=True  CosineEnvelope         IndexError: only integers, slices (`:`), ellipsis (`...`), n
[ 81] SPEC-UNSUPPORTED   label=True  tol=True  d4=True  Pooling                avg_pool2d
[ 82] NO-MODEL           label=True  tol=None  d4=None  ?                      
[ 83] PASS               label=True  tol=True  d4=True  GeLU                   exact
[ 84] PASS               label=True  tol=True  d4=True  Sine                   exact
[ 85] PASS               label=True  tol=True  d4=True  MeanStd                exact
[ 86] PASS               label=True  tol=True  d4=True  SineODE                exact
[ 87] UNKNOWN            label=True  tol=True  d4=True  Follow_loss            output produced by torch after the kernels (1 elements writt
[ 88] ERROR              label=True  tol=None  d4=None  SmoothL1Loss           TypeError: triton_kernel_wrapper() takes from 2 to 5 positio
[ 89] UNKNOWN            label=True  tol=True  d4=True  MaxPool                64 unprovable but numerically equal
[ 90] UNKNOWN            label=True  tol=True  d4=True  BasicModel4_MultiArgs  unreproducible on hardware (GPU max diff 1.9e-06) -- our mod
[ 91] PASS               label=True  tol=True  d4=True  MyUpsample2            exact
[ 92] UNKNOWN            label=True  tol=True  d4=True  SoftClDiceLoss         error: Budget { limit: 200000000 }
[ 93] PASS               label=True  tol=True  d4=True  Scale                  exact
[ 94] SPEC-UNSUPPORTED   label=True  tol=True  d4=True  HardSigmoid            _threshold
[ 95] PASS               label=True  tol=True  d4=True  CPUForgetMult          exact
[ 96] KERNEL-UNSUPPORTED label=True  tol=None  d4=None  LanguageModelCriterion data-dependent integer arithmetic (integer loaded from memor
[ 97] FAIL               label=True  tol=True  d4=True  Theta                  256 outputs differ; witness spec=-0.540616 kernel=0.688844;   <<< label=correct, judge=FAIL
[ 98] FAIL               label=True  tol=True  d4=True  TLU                    output depends on a buffer no launch wrote (tmp0); GPU also   <<< label=correct, judge=FAIL
[ 99] SPEC-ERROR         label=True  tol=True  d4=True  AdaptiveAveragePooling TypeError: neck inputs should be tuple or torch.tensor
[100] PASS               label=True  tol=True  d4=True  NormalizationLayer     exact
[101] PASS               label=True  tol=True  d4=True  APL                    exact
[102] PASS               label=True  tol=True  d4=True  Rot180                 exact
[103] UNKNOWN            label=True  tol=None  d4=None  GradLoss               1 unprovable but numerically equal
[104] PASS               label=True  tol=True  d4=True  unrotate               exact
[105] SPEC-UNSUPPORTED   label=True  tol=True  d4=False MaxPool                max_pool2d
/home/naana/miniconda/lib/python3.13/site-packages/torch/nn/functional.py:3355: UserWarning: reduction: 'mean' divides the total loss by both the batch size and the support size.'batchmean' divides only by the batch size, and aligns with the KL div math definition.'mean' will be changed to behave the same as 'batchmean' in the next major release.
  warnings.warn(
[106] SPEC-UNSUPPORTED   label=True  tol=True  d4=False KL_Triplet_Loss        kl_div
[107] PASS               label=True  tol=True  d4=True  Sine                   exact
[108] SPEC-ERROR         label=True  tol=True  d4=True  RgbaToBgr              TypeError: Input type is not a torch.Tensor. Got <class 'spe
[109] PASS               label=True  tol=True  d4=True  SigmaL1SmoothLoss      exact
[110] UNKNOWN            label=True  tol=True  d4=True  EntropyLoss            output produced by torch after the kernels (1 elements writt
[111] PASS               label=True  tol=True  d4=True  TripletLoss            exact
[112] PASS               label=True  tol=True  d4=True  BasicModel2            exact
[113] PASS               label=True  tol=True  d4=True  HardSwish              exact
[114] PASS               label=True  tol=True  d4=True  GatedTanhUnit          exact
[115] PASS               label=True  tol=True  d4=True  Hsigmoid               exact
[116] PASS               label=True  tol=True  d4=True  HardMish               exact
[117] PASS               label=True  tol=True  d4=True  BasicModel5_MultiArgs  exact
[118] PASS               label=True  tol=True  d4=True  rmse                   exact
[119] UNKNOWN            label=True  tol=True  d4=True  DiceLoss               output produced by torch after the kernels (4 elements writt
[120] PASS               label=True  tol=True  d4=True  JaccardLoss            exact
[121] ERROR              label=True  tol=True  d4=True  Pad_Pool               NotImplementedError: arith.xori   |%mask = arith.xori %mask_
[122] PASS               label=True  tol=True  d4=True  ShuffleBlock           exact
[123] PASS               label=True  tol=True  d4=True  Tanh                   exact
[124] PASS               label=True  tol=True  d4=True  DummyLayer             exact
[125] PASS               label=True  tol=True  d4=True  CL                     exact
[126] NO-MODEL           label=True  tol=None  d4=None  ?                      
[127] SPEC-ERROR         label=True  tol=True  d4=True  PainnRadialBasis       TypeError: where() received an invalid combination of argume
[128] FAIL               label=False tol=False d4=False ExampleBackbone        output depends on a buffer no launch wrote (tmp0); GPU also 
[129] FAIL               label=False tol=False d4=False VAE                    output depends on a buffer no launch wrote (tmp0); GPU also 
[130] ERROR              label=False tol=None  d4=None  TransformerEncoderLaye SyntaxError: invalid syntax (tr_kernelbook_1321.py, line 143
[131] ERROR              label=False tol=None  d4=None  RNNModel               TypeError: triton_kernel_wrapper() takes 2 positional argume
[132] ERROR              label=False tol=None  d4=None  N3                     TypeError: factors must be a list or tuple of tensors
[133] NO-ENTRY           label=False tol=None  d4=None  MultiHeadAttention     
[134] NO-ENTRY           label=False tol=None  d4=None  Attention              
[135] ERROR              label=False tol=None  d4=None  MaskedConv             CompilationError: at 81:15:
        w_ok = (w_in >= 0) & (w_
[136] ERROR              label=False tol=None  d4=None  TorchGloVeModel        AssertionError: 
[137] ERROR              label=False tol=None  d4=None  CharbonnierCompLoss    AssertionError: 
[138] ERROR              label=False tol=None  d4=None  Attention              AssertionError: 
[139] ERROR              label=False tol=None  d4=None  GRUCell                CompilationError: at 65:14:
    # --------------------------
[140] ERROR              label=False tol=None  d4=None  NodeAdaptiveEncoder    TypeError: Unsupported type: <class 'torch.nn.modules.dropou
[141] ERROR              label=False tol=None  d4=None  Net                    CompilationError: at 27:16:
    row = offs // M
    col = of
[142] ERROR              label=False tol=None  d4=None  CosAttention           TypeError: triton_kernel_wrapper() takes 2 positional argume
/home/naana/miniconda/lib/python3.13/site-packages/torch/nn/modules/module.py:1775: UserWarning: Implicit dimension choice for softmax has been deprecated. Change the call to include dim=X as an argument.
  return self._call_impl(*args, **kwargs)
[143] ERROR              label=False tol=None  d4=None  ReQUNet                CompilationError: at 42:15:
        offs_k = k + tl.arange(0
[144] ERROR              label=False tol=None  d4=None  SmallNN                CompilationError: at 41:9:
    # 2) Layer 1 : Linear(4 -> 32
[145] ERROR              label=False tol=None  d4=None  StoppingNetwork        CompilationError: at 38:11:
    # --------------------------
[146] PASS               label=False tol=True  d4=True  ScaledDotProductAttent exact
[147] PASS               label=True  tol=True  d4=True  GetMask                exact
[148] PASS               label=True  tol=True  d4=True  GetMask                exact
[149] PASS               label=True  tol=True  d4=True  Scale                  exact
[150] PASS               label=True  tol=True  d4=True  IIDIsotropicGaussianUV exact
[151] PASS               label=True  tol=True  d4=True  Swish                  exact
[152] ERROR              label=True  tol=True  d4=True  SurfaceLoss            NotImplementedError: cf.cond_br   |cf.cond_br %0, ^bb1, ^bb2
[153] UNKNOWN            label=True  tol=True  d4=True  N3                     output produced by torch after the kernels (1 elements writt
[154] ERROR              label=True  tol=True  d4=True  My_SmoothL1Loss        TypeError: float() argument must be a string or a real numbe
[155] PASS               label=True  tol=True  d4=True  GetMask                exact
